[softcoders.net/products/html/poliox-dark-html/index.html]
[backblue.gif]
[fade.gif]
[index.html]
[softcoders.net/products/html/poliox-dark-html/apple-touch-icon.png]
[softcoders.net/products/html/poliox-dark-html/index-2.html]
[softcoders.net/products/html/poliox-dark-html/assets/images/logo.png]
[softcoders.net/products/html/poliox-dark-html/contact.html]
[softcoders.net/products/html/poliox-dark-html/assets/images/project/banner.png]
[softcoders.net/products/html/poliox-dark-html/assets/images/icon/circule.png]
[softcoders.net/products/html/poliox-dark-html/assets/images/icon/toptal.png]
[softcoders.net/products/html/poliox-dark-html/assets/images/icon/upwork.png]
[softcoders.net/products/html/poliox-dark-html/assets/images/icon/auother.png]
[softcoders.net/products/html/poliox-dark-html/assets/images/service/service-4.jpg]
[softcoders.net/products/html/poliox-dark-html/assets/images/service/service-2.jpg]
[softcoders.net/products/html/poliox-dark-html/assets/images/service/service-1.jpg]
[softcoders.net/products/html/poliox-dark-html/assets/images/service/service-3.jpg]
[softcoders.net/products/html/poliox-dark-html/project-details.html]
[softcoders.net/products/html/poliox-dark-html/assets/images/project/portfolio.png]
[softcoders.net/products/html/poliox-dark-html/assets/images/project/portfolio1.png]
[softcoders.net/products/html/poliox-dark-html/assets/images/project/portfolio2.png]
[softcoders.net/products/html/poliox-dark-html/assets/images/project/portfolio3.png]
[softcoders.net/products/html/poliox-dark-html/assets/images/project/portfolio_bg.jpg]
[softcoders.net/products/html/poliox-dark-html/assets/images/project/portfolio_bg1.jpg]
[softcoders.net/products/html/poliox-dark-html/assets/images/project/portfolio_bg2.jpg]
[softcoders.net/products/html/poliox-dark-html/assets/images/project/portfolio_bg3.jpg]
[softcoders.net/products/html/poliox-dark-html/portfolio-details.html]
[softcoders.net/products/html/poliox-dark-html/assets/images/project/project-slider2.jpg]
[softcoders.net/products/html/poliox-dark-html/assets/images/project/project-slider3.jpg]
[softcoders.net/products/html/poliox-dark-html/assets/images/project/portfolio_3.jpg]
[softcoders.net/products/html/poliox-dark-html/assets/images/project/portfolio_1.jpg]
[softcoders.net/products/html/poliox-dark-html/assets/images/project/portfolio_2.jpg]
[softcoders.net/products/html/poliox-dark-html/assets/images/project/portfolio_4.jpg]
[softcoders.net/products/html/poliox-dark-html/assets/images/project/test-1.jpg]
[softcoders.net/products/html/poliox-dark-html/assets/images/project/test-2.jpg]
[softcoders.net/products/html/poliox-dark-html/assets/images/project/test-3.jpg]
[softcoders.net/products/html/poliox-dark-html/assets/images/brand/brand.png]
[softcoders.net/products/html/poliox-dark-html/assets/images/brand/brand1.png]
[softcoders.net/products/html/poliox-dark-html/assets/images/brand/brand2.png]
[softcoders.net/products/html/poliox-dark-html/assets/images/brand/brand3.png]
[softcoders.net/products/html/poliox-dark-html/assets/images/brand/brand4.png]
[softcoders.net/products/html/poliox-dark-html/assets/images/brand/brand5.png]
[softcoders.net/products/html/poliox-dark-html/assets/images/blog/blog.jpg]
[softcoders.net/products/html/poliox-dark-html/assets/images/blog/blog1.jpg]
[softcoders.net/products/html/poliox-dark-html/assets/images/blog/blog2.jpg]
[softcoders.net/products/html/poliox-dark-html/blog-details.html]
[softcoders.net/products/html/poliox-dark-html/assets/images/blog/blog-details.jpg]
[softcoders.net/products/html/poliox-dark-html/assets/images/blog/auother.png]
[softcoders.net/products/html/poliox-dark-html/assets/images/blog/auother2.png]
[softcoders.net/products/html/poliox-dark-html/assets/images/blog/auother3.png]
[softcoders.net/products/html/poliox-dark-html/assets/images/blog/blog-details2.jpg]
[softcoders.net/products/html/poliox-dark-html/assets/images/blog/blog-details3.jpg]
[softcoders.net/products/html/poliox-dark-html/assets/images/icon/circule1.png]
[softcoders.net/products/html/poliox-dark-html/about.html]
[softcoders.net/products/html/poliox-dark-html/assets/js/jquery.min.js]
[softcoders.net/products/html/poliox-dark-html/assets/js/bootstrap.min.js]
[softcoders.net/products/html/poliox-dark-html/assets/js/imagesloaded.pkgd.min.js]
[softcoders.net/products/html/poliox-dark-html/assets/js/jquery.magnific-popup.min.js]
[softcoders.net/products/html/poliox-dark-html/assets/js/swiper.min.js]
[softcoders.net/products/html/poliox-dark-html/assets/js/jquery.appear.min.js]
[softcoders.net/products/html/poliox-dark-html/assets/js/odometer.min.js]
[softcoders.net/products/html/poliox-dark-html/assets/js/sal.js]
[softcoders.net/products/html/poliox-dark-html/assets/js/gsap.min.js]
[softcoders.net/products/html/poliox-dark-html/assets/js/SplitText.min.js]
[softcoders.net/products/html/poliox-dark-html/assets/js/ScrollToPlugin.min.js]
[softcoders.net/products/html/poliox-dark-html/assets/js/ScrollSmoother.min.js]
[softcoders.net/products/html/poliox-dark-html/assets/js/ScrollTrigger.min.js]
[softcoders.net/products/html/poliox-dark-html/assets/js/main.js]
[softcoders.net/products/html/poliox-dark-html/index.html]
[softcoders.net/products/html/poliox-dark-html/apple-touch-icon.html]
[softcoders.net/products/html/poliox-dark-html/assets/images/fav.svg]
[softcoders.net/products/html/poliox-dark-html/assets/css/bootstrap.min.css]
[softcoders.net/products/html/poliox-dark-html/assets/css/sal.css]
[softcoders.net/products/html/poliox-dark-html/assets/css/magnific-popup.css]
[softcoders.net/products/html/poliox-dark-html/assets/css/swiper.min.css]
[softcoders.net/products/html/poliox-dark-html/assets/fonts/icomoon2522.eot]
[softcoders.net/products/html/poliox-dark-html/assets/fonts/icomoon2522.ttf]
[softcoders.net/products/html/poliox-dark-html/assets/fonts/icomoon2522.woff]
[softcoders.net/products/html/poliox-dark-html/assets/css/ico-fonts.css]
[softcoders.net/products/html/poliox-dark-html/assets/fonts/remixicondf6d.eot]
[softcoders.net/products/html/poliox-dark-html/assets/fonts/remixicondf6d.woff2]
[softcoders.net/products/html/poliox-dark-html/assets/fonts/remixicondf6d.woff]
[softcoders.net/products/html/poliox-dark-html/assets/fonts/remixicondf6d.ttf]
[softcoders.net/products/html/poliox-dark-html/assets/fonts/remixicon.css]
[softcoders.net/products/html/poliox-dark-html/assets/css/odometer.min.css]
[softcoders.net/products/html/poliox-dark-html/assets/images/bg/portfolio-bg.jpg]
[softcoders.net/products/html/poliox-dark-html/assets/images/bg/project.jpg]
[softcoders.net/products/html/poliox-dark-html/assets/css/style.css]
[softcoders.net/products/html/poliox-dark-html/index-2.html]
[softcoders.net/products/html/poliox-dark-html/assets/images/icon/ham.svg]
[softcoders.net/products/html/poliox-dark-html/assets/images/icon/broder.svg]
[softcoders.net/products/html/poliox-dark-html/contact.html]
[softcoders.net/products/html/poliox-dark-html/assets/images/icon/portal.svg]
[softcoders.net/products/html/poliox-dark-html/assets/images/icon/scroll.svg]
[softcoders.net/products/html/poliox-dark-html/assets/images/icon/portal-1.svg]
[softcoders.net/products/html/poliox-dark-html/assets/images/icon/portal-2.svg]
[softcoders.net/products/html/poliox-dark-html/assets/images/icon/figma.svg]
[softcoders.net/products/html/poliox-dark-html/assets/images/icon/sketch.svg]
[softcoders.net/products/html/poliox-dark-html/assets/images/icon/photoshop.svg]
[softcoders.net/products/html/poliox-dark-html/assets/images/icon/illustrator.svg]
[softcoders.net/products/html/poliox-dark-html/assets/images/icon/webflow.svg]
[softcoders.net/products/html/poliox-dark-html/project-details.html]
[softcoders.net/products/html/poliox-dark-html/portfolio-details.html]
[softcoders.net/products/html/poliox-dark-html/assets/images/icon/element.svg]
[softcoders.net/products/html/poliox-dark-html/blog-details.html]
[softcoders.net/products/html/poliox-dark-html/about.html]
[softcoders.net/products/html/poliox-dark-html/assets/fonts/icomoon2522.svg]
[cdn.jsdelivr.net/npm/swiper/swiper-bundle.min.js]
[softcoders.net/products/html/poliox-dark-html/assets/fonts/remixicondf6d.svg]
[softcoders.net/products/html/poliox-dark-html/assets/images/bg/bg-shape.png]
[softcoders.net/products/html/poliox-dark-html/assets/images/bg/cta.jpg]
